Logging in...
Login Response: {"error":"Authentication failed: Bad credentials"}
Failed to get token
